# test parser and shortestPath on one node graph

# build graph
loaded graph oneNodeGraph

# check graph is built correctly
oneNodeGraph contains: Seattle
the children of Seattle in oneNodeGraph are:

# check BFS
path from Seattle to Seattle:
total cost: 0.000
unknown character Boston