# Tests find minimum-cost path on flights graph.

# Load sports.tsv
loaded graph flights

# Test find minimum-cost path not shortest path
path from New-York to San-Fran: 
New-York to San-Fran with weight 0.500
total cost: 0.500